2026-04-23 15:33:20 | INFO     | comment_analyzer.core.log_manager:configure:91 - Logging configured at level: INFO
2026-04-23 15:33:20 | INFO     | comment_analyzer.core.pipeline:_init_components:527 - Language pipeline ready: language=ko, segmenter=regex, sentiment=lexicon
2026-04-23 15:33:20 | INFO     | comment_analyzer.core.pipeline:__init__:491 - CommentPipeline initialized (platform: generic)
2026-04-23 15:33:20 | INFO     | comment_analyzer.core.log_manager:log_pipeline_start:198 - ============================================================
Pipeline started
2026-04-23 15:33:20 | INFO     | comment_analyzer.core.pipeline:run:717 - Using text column: 'comment'
2026-04-23 15:33:20 | INFO     | comment_analyzer.core.pipeline:run:718 - Processing 28 comments...
2026-04-23 15:33:20 | ERROR    | comment_analyzer.core.pipeline:_run_sentiment_analysis:883 - Failed to train naive_bayes: The test_size = 2 should be greater or equal to the number of classes = 3
2026-04-23 15:33:20 | ERROR    | comment_analyzer.core.log_manager:log_error:265 - Error [ml]: The test_size = 2 should be greater or equal to the number of classes = 3
2026-04-23 15:33:20 | ERROR    | comment_analyzer.core.pipeline:_run_sentiment_analysis:883 - Failed to train svm: The test_size = 2 should be greater or equal to the number of classes = 3
2026-04-23 15:33:20 | ERROR    | comment_analyzer.core.log_manager:log_error:265 - Error [ml]: The test_size = 2 should be greater or equal to the number of classes = 3
2026-04-23 15:33:20 | ERROR    | comment_analyzer.core.pipeline:_run_sentiment_analysis:883 - Failed to train logistic_regression: The test_size = 2 should be greater or equal to the number of classes = 3
2026-04-23 15:33:20 | ERROR    | comment_analyzer.core.log_manager:log_error:265 - Error [ml]: The test_size = 2 should be greater or equal to the number of classes = 3
2026-04-23 15:33:21 | INFO     | comment_analyzer.core.log_manager:log_important:151 - [IMPORTANT] [analysis] Topic modeling complete: 5 topics, 20 keywords
2026-04-23 15:33:21 | INFO     | comment_analyzer.core.log_manager:log_important:151 - [IMPORTANT] [analysis] Demand analysis complete
2026-04-23 15:33:21 | INFO     | comment_analyzer.core.pipeline:run:771 - Pipeline completed successfully
2026-04-23 15:34:12 | INFO     | comment_analyzer.core.log_manager:configure:91 - Logging configured at level: INFO
2026-04-23 15:34:12 | INFO     | comment_analyzer.core.pipeline:_init_components:527 - Language pipeline ready: language=ko, segmenter=regex, sentiment=lexicon
2026-04-23 15:34:12 | INFO     | comment_analyzer.core.pipeline:__init__:491 - CommentPipeline initialized (platform: generic)
2026-04-23 15:34:12 | INFO     | comment_analyzer.core.log_manager:log_pipeline_start:198 - ============================================================
Pipeline started
2026-04-23 15:34:12 | INFO     | comment_analyzer.core.pipeline:run:717 - Using text column: 'comment'
2026-04-23 15:34:12 | INFO     | comment_analyzer.core.pipeline:run:718 - Processing 36 comments...
2026-04-23 15:34:12 | INFO     | comment_analyzer.core.log_manager:log_important:151 - [IMPORTANT] [ml] Successfully trained naive_bayes
2026-04-23 15:34:12 | INFO     | comment_analyzer.core.log_manager:log_important:151 - [IMPORTANT] [ml] Successfully trained svm
2026-04-23 15:34:13 | INFO     | comment_analyzer.core.log_manager:log_important:151 - [IMPORTANT] [ml] Successfully trained logistic_regression
2026-04-23 15:34:13 | INFO     | comment_analyzer.core.log_manager:log_important:151 - [IMPORTANT] [analysis] Topic modeling complete: 5 topics, 20 keywords
2026-04-23 15:34:13 | INFO     | comment_analyzer.core.log_manager:log_important:151 - [IMPORTANT] [analysis] Demand analysis complete
2026-04-23 15:34:13 | INFO     | comment_analyzer.core.pipeline:run:771 - Pipeline completed successfully
2026-04-23 15:35:11 | INFO     | comment_analyzer.core.log_manager:configure:91 - Logging configured at level: INFO
2026-04-23 15:35:11 | INFO     | comment_analyzer.core.pipeline:_init_components:527 - Language pipeline ready: language=ko, segmenter=regex, sentiment=lexicon
2026-04-23 15:35:11 | INFO     | comment_analyzer.core.pipeline:__init__:491 - CommentPipeline initialized (platform: generic)
2026-04-23 15:35:11 | INFO     | comment_analyzer.core.log_manager:log_data_info:243 - Data [20260423_153511_korean_reviews_mock.csv]: 36 rows
2026-04-23 15:35:11 | INFO     | comment_analyzer.core.pipeline:load_data:622 - Loaded 36 rows from C:\Users\30847\.sentidemand\uploads\20260423_153511_korean_reviews_mock.csv
2026-04-23 15:35:11 | INFO     | comment_analyzer.core.log_manager:log_pipeline_start:198 - ============================================================
Pipeline started
2026-04-23 15:35:11 | INFO     | comment_analyzer.core.pipeline:run:717 - Using text column: 'comment'
2026-04-23 15:35:11 | INFO     | comment_analyzer.core.pipeline:run:718 - Processing 36 comments...
2026-04-23 15:35:11 | INFO     | comment_analyzer.core.log_manager:log_important:151 - [IMPORTANT] [ml] Successfully trained naive_bayes
2026-04-23 15:35:11 | INFO     | comment_analyzer.core.log_manager:log_important:151 - [IMPORTANT] [ml] Successfully trained svm
2026-04-23 15:35:11 | INFO     | comment_analyzer.core.log_manager:log_important:151 - [IMPORTANT] [ml] Successfully trained logistic_regression
2026-04-23 15:35:12 | INFO     | comment_analyzer.core.log_manager:log_important:151 - [IMPORTANT] [analysis] Topic modeling complete: 5 topics, 20 keywords
2026-04-23 15:35:12 | INFO     | comment_analyzer.core.log_manager:log_important:151 - [IMPORTANT] [analysis] Demand analysis complete
2026-04-23 15:35:12 | INFO     | comment_analyzer.core.pipeline:run:771 - Pipeline completed successfully
2026-04-23 15:35:12 | INFO     | comment_analyzer.core.pipeline:save:146 - Starting to save pipeline results...
2026-04-23 15:35:12 | INFO     | comment_analyzer.core.output_manager:save_dataframe:186 - Saved DataFrame: [derived] processed_data.csv -> 001_processed_data.csv
2026-04-23 15:35:12 | INFO     | comment_analyzer.core.output_manager:save_dataframe:186 - Saved DataFrame: [sentiment] sentiment_distribution.csv -> 001_sentiment_distribution.csv
2026-04-23 15:35:12 | INFO     | comment_analyzer.core.log_manager:log_analysis:120 - Analysis [sentiment_distribution]: 3 results
2026-04-23 15:35:12 | INFO     | comment_analyzer.core.output_manager:save_text:222 - Saved text file: [sentiment] model_report_naive_bayes.txt -> 002_model_report_naive_bayes.txt
2026-04-23 15:35:12 | INFO     | comment_analyzer.core.log_manager:log_important:151 - [IMPORTANT] [ml] Trained naive_bayes model
2026-04-23 15:35:12 | INFO     | comment_analyzer.core.output_manager:save_text:222 - Saved text file: [sentiment] model_report_svm.txt -> 003_model_report_svm.txt
2026-04-23 15:35:12 | INFO     | comment_analyzer.core.log_manager:log_important:151 - [IMPORTANT] [ml] Trained svm model
2026-04-23 15:35:12 | INFO     | comment_analyzer.core.output_manager:save_text:222 - Saved text file: [sentiment] model_report_logistic_regression.txt -> 004_model_report_logistic_regression.txt
2026-04-23 15:35:12 | INFO     | comment_analyzer.core.log_manager:log_important:151 - [IMPORTANT] [ml] Trained logistic_regression model
2026-04-23 15:35:12 | INFO     | comment_analyzer.core.output_manager:save_dataframe:186 - Saved DataFrame: [word_frequency] top_keywords.csv -> 001_top_keywords.csv
2026-04-23 15:35:12 | INFO     | comment_analyzer.core.log_manager:log_important:151 - [IMPORTANT] [analysis] Top keywords: 잘, 만족합니다, 기능은, 조립이, 깔끔하고
2026-04-23 15:35:12 | INFO     | comment_analyzer.core.output_manager:save_dataframe:186 - Saved DataFrame: [word_frequency] topics.csv -> 002_topics.csv
2026-04-23 15:35:12 | INFO     | comment_analyzer.core.log_manager:log_analysis:120 - Analysis [topic_modeling]: 3 results
2026-04-23 15:35:12 | INFO     | comment_analyzer.core.output_manager:save_dataframe:186 - Saved DataFrame: [demand] demand_intensity.csv -> 001_demand_intensity.csv
2026-04-23 15:35:12 | INFO     | comment_analyzer.core.log_manager:log_analysis:120 - Analysis [demand_intensity]: 5 results
2026-04-23 15:35:12 | INFO     | comment_analyzer.core.output_manager:save_dataframe:186 - Saved DataFrame: [demand] demand_correlation.csv -> 002_demand_correlation.csv
2026-04-23 15:35:12 | INFO     | comment_analyzer.core.log_manager:log_important:151 - [IMPORTANT] [analysis] Demand correlation analysis completed
2026-04-23 15:35:12 | INFO     | comment_analyzer.core.log_manager:log_important:151 - [IMPORTANT] [pipeline] Pipeline analysis completed successfully
2026-04-23 15:35:12 | INFO     | comment_analyzer.core.log_manager:log_pipeline_end:214 - Pipeline completed in 0.50s
2026-04-23 15:35:12 | INFO     | comment_analyzer.core.pipeline:save:171 - Saved 9 files successfully
2026-04-23 15:35:12 | INFO     | comment_analyzer.core.log_manager:export_log_entries:307 - Exported 15 log entries to outputs\workspace_runs\6fb0fd8ddf0b\logs\log_entries.json
2026-04-23 15:35:12 | INFO     | comment_analyzer.visualization.generator:_generate_one:171 -   ✅ 评论情感极性分布 → sentiment_donut_153512.html
2026-04-23 15:35:12 | INFO     | comment_analyzer.visualization.generator:_generate_one:171 -   ✅ 模型特征正负面双向对比 → features_bidirectional_153512.html
2026-04-23 15:35:12 | INFO     | comment_analyzer.visualization.generator:_generate_one:171 -   ✅ 高频核心词汇 Top30 → features_lollipop_153512.html
2026-04-23 15:35:12 | INFO     | comment_analyzer.visualization.generator:_generate_one:171 -   ✅ 多模型特征权重热力图 → features_heatmap_153512.html
2026-04-23 15:35:12 | INFO     | comment_analyzer.visualization.generator:_generate_one:171 -   ✅ TF-IDF vs 词频对比 → features_tfidf_scatter_153512.html
2026-04-23 15:35:12 | INFO     | comment_analyzer.visualization.generator:_generate_one:171 -   ✅ LDA 主题占比玫瑰图 → topics_nightingale_153512.html
2026-04-23 15:35:12 | INFO     | comment_analyzer.visualization.generator:_generate_one:171 -   ✅ 主题关键词气泡矩阵 → topics_bubble_153512.html
2026-04-23 15:35:12 | INFO     | comment_analyzer.visualization.generator:_generate_one:171 -   ✅ 模型评估雷达图 → topics_radar_153512.html
2026-04-23 15:35:12 | INFO     | comment_analyzer.visualization.generator:_generate_one:171 -   ✅ 需求共现网络关系图 → demand_network_153512.html
2026-04-23 15:35:12 | INFO     | comment_analyzer.visualization.generator:generate_all:104 - Generated 9/14 charts → C:\Users\30847\.sentidemand\outputs\20260423_153511_korean_reviews_mock_20260423
